[debug] [2026-08-09T08:31:54.569Z] ----------------------------------------------------------------------
[debug] [2026-08-09T08:31:54.575Z] Command:       C:\Program Files\nodejs\node.exe C:\Users\yasmo\AppData\Roaming\npm\node_modules\firebase-tools\lib\bin\firebase.js apps:sdkconfig WEB 1:99075929279:web:956740e1cef19ef599020a --project eleveneleven-16435 --json
[debug] [2026-08-09T08:31:54.576Z] CLI Version:   15.26.0
[debug] [2026-08-09T08:31:54.576Z] Platform:      win32
[debug] [2026-08-09T08:31:54.576Z] Node Version:  v24.16.0
[debug] [2026-08-09T08:31:54.576Z] Detected Agent: codex_cli
[debug] [2026-08-09T08:31:54.577Z] Time:          Sun Aug 09 2026 11:31:54 GMT+0300 (GMT+03:00)
[debug] [2026-08-09T08:31:54.577Z] ----------------------------------------------------------------------
[debug] 
[debug] [2026-08-09T08:31:54.630Z] > command requires scopes: ["email","openid","https://www.googleapis.com/auth/cloudplatformprojects.readonly","https://www.googleapis.com/auth/firebase","https://www.googleapis.com/auth/cloud-platform"]
[debug] [2026-08-09T08:31:54.631Z] > authorizing via signed-in user (adreanhr078@gmail.com)
[debug] [2026-08-09T08:31:54.695Z] Checked if tokens are valid: false, expires at: 1786213771189
[debug] [2026-08-09T08:31:54.695Z] Checked if tokens are valid: false, expires at: 1786213771189
[debug] [2026-08-09T08:31:54.696Z] > refreshing access token with scopes: []
[debug] [2026-08-09T08:31:54.708Z] >>> [apiv2][query] POST https://www.googleapis.com/oauth2/v3/token [none]
[debug] [2026-08-09T08:31:54.709Z] >>> [apiv2][body] POST https://www.googleapis.com/oauth2/v3/token [omitted]
[debug] [2026-08-09T08:31:55.111Z] <<< [apiv2][status] POST https://www.googleapis.com/oauth2/v3/token 200
[debug] [2026-08-09T08:31:55.111Z] <<< [apiv2][body] POST https://www.googleapis.com/oauth2/v3/token [omitted]
[debug] [2026-08-09T08:31:55.168Z] >>> [apiv2][query] GET https://firebase.googleapis.com/v1beta1/projects/-/webApps/1:99075929279:web:956740e1cef19ef599020a/config [none]
[debug] [2026-08-09T08:31:56.371Z] <<< [apiv2][status] GET https://firebase.googleapis.com/v1beta1/projects/-/webApps/1:99075929279:web:956740e1cef19ef599020a/config 200
