[debug] [2026-08-09T08:32:16.411Z] ----------------------------------------------------------------------
[debug] [2026-08-09T08:32:16.415Z] Command:       C:\Program Files\nodejs\node.exe C:\Users\yasmo\AppData\Roaming\npm\node_modules\firebase-tools\lib\bin\firebase.js apps:sdkconfig WEB 1:99075929279:web:956740e1cef19ef599020a --project eleveneleven-16435 --json
[debug] [2026-08-09T08:32:16.416Z] CLI Version:   15.26.0
[debug] [2026-08-09T08:32:16.416Z] Platform:      win32
[debug] [2026-08-09T08:32:16.416Z] Node Version:  v24.16.0
[debug] [2026-08-09T08:32:16.417Z] Detected Agent: codex_cli
[debug] [2026-08-09T08:32:16.417Z] Time:          Sun Aug 09 2026 11:32:16 GMT+0300 (GMT+03:00)
[debug] [2026-08-09T08:32:16.417Z] ----------------------------------------------------------------------
[debug] 
[debug] [2026-08-09T08:32:17.012Z] > command requires scopes: ["email","openid","https://www.googleapis.com/auth/cloudplatformprojects.readonly","https://www.googleapis.com/auth/firebase","https://www.googleapis.com/auth/cloud-platform"]
[debug] [2026-08-09T08:32:17.012Z] > authorizing via signed-in user (adreanhr078@gmail.com)
[debug] [2026-08-09T08:32:17.072Z] Checked if tokens are valid: true, expires at: 1786267914111
[debug] [2026-08-09T08:32:17.072Z] Checked if tokens are valid: true, expires at: 1786267914111
[debug] [2026-08-09T08:32:17.074Z] >>> [apiv2][query] GET https://firebase.googleapis.com/v1beta1/projects/-/webApps/1:99075929279:web:956740e1cef19ef599020a/config [none]
[debug] [2026-08-09T08:32:18.223Z] <<< [apiv2][status] GET https://firebase.googleapis.com/v1beta1/projects/-/webApps/1:99075929279:web:956740e1cef19ef599020a/config 200
[debug] [2026-08-09T08:32:35.823Z] ----------------------------------------------------------------------
[debug] [2026-08-09T08:32:35.826Z] Command:       C:\Program Files\nodejs\node.exe C:\Users\yasmo\AppData\Roaming\npm\node_modules\firebase-tools\lib\bin\firebase.js apps:sdkconfig WEB 1:99075929279:web:956740e1cef19ef599020a --project eleveneleven-16435 --json
[debug] [2026-08-09T08:32:35.826Z] CLI Version:   15.26.0
[debug] [2026-08-09T08:32:35.826Z] Platform:      win32
[debug] [2026-08-09T08:32:35.826Z] Node Version:  v24.16.0
[debug] [2026-08-09T08:32:35.826Z] Detected Agent: codex_cli
[debug] [2026-08-09T08:32:35.826Z] Time:          Sun Aug 09 2026 11:32:35 GMT+0300 (GMT+03:00)
[debug] [2026-08-09T08:32:35.826Z] ----------------------------------------------------------------------
[debug] 
[debug] [2026-08-09T08:32:36.111Z] > command requires scopes: ["email","openid","https://www.googleapis.com/auth/cloudplatformprojects.readonly","https://www.googleapis.com/auth/firebase","https://www.googleapis.com/auth/cloud-platform"]
[debug] [2026-08-09T08:32:36.112Z] > authorizing via signed-in user (adreanhr078@gmail.com)
[debug] [2026-08-09T08:32:36.133Z] Checked if tokens are valid: true, expires at: 1786267914111
[debug] [2026-08-09T08:32:36.134Z] Checked if tokens are valid: true, expires at: 1786267914111
[debug] [2026-08-09T08:32:36.137Z] >>> [apiv2][query] GET https://firebase.googleapis.com/v1beta1/projects/-/webApps/1:99075929279:web:956740e1cef19ef599020a/config [none]
[debug] [2026-08-09T08:32:37.020Z] <<< [apiv2][status] GET https://firebase.googleapis.com/v1beta1/projects/-/webApps/1:99075929279:web:956740e1cef19ef599020a/config 200
[debug] [2026-08-09T08:33:14.024Z] ----------------------------------------------------------------------
[debug] [2026-08-09T08:33:14.029Z] Command:       C:\Program Files\nodejs\node.exe C:\Users\yasmo\AppData\Roaming\npm\node_modules\firebase-tools\lib\bin\firebase.js apps:list --project eleveneleven-16435 --json
[debug] [2026-08-09T08:33:14.029Z] CLI Version:   15.26.0
[debug] [2026-08-09T08:33:14.030Z] Platform:      win32
[debug] [2026-08-09T08:33:14.030Z] Node Version:  v24.16.0
[debug] [2026-08-09T08:33:14.030Z] Detected Agent: codex_cli
[debug] [2026-08-09T08:33:14.030Z] Time:          Sun Aug 09 2026 11:33:14 GMT+0300 (GMT+03:00)
[debug] [2026-08-09T08:33:14.030Z] ----------------------------------------------------------------------
[debug] 
[debug] [2026-08-09T08:33:14.399Z] > command requires scopes: ["email","openid","https://www.googleapis.com/auth/cloudplatformprojects.readonly","https://www.googleapis.com/auth/firebase","https://www.googleapis.com/auth/cloud-platform"]
[debug] [2026-08-09T08:33:14.400Z] > authorizing via signed-in user (adreanhr078@gmail.com)
[debug] [2026-08-09T08:33:14.446Z] Checked if tokens are valid: true, expires at: 1786267914111
[debug] [2026-08-09T08:33:14.446Z] Checked if tokens are valid: true, expires at: 1786267914111
[debug] [2026-08-09T08:33:14.447Z] >>> [apiv2][query] GET https://firebase.googleapis.com/v1beta1/projects/eleveneleven-16435:searchApps pageSize=100
[debug] [2026-08-09T08:33:14.965Z] <<< [apiv2][status] GET https://firebase.googleapis.com/v1beta1/projects/eleveneleven-16435:searchApps 200
[debug] [2026-08-09T08:35:18.321Z] ----------------------------------------------------------------------
[debug] [2026-08-09T08:35:18.324Z] Command:       C:\Program Files\nodejs\node.exe C:\Users\yasmo\AppData\Roaming\npm\node_modules\firebase-tools\lib\bin\firebase.js deploy --only auth --project eleveneleven-16435 --non-interactive --json
[debug] [2026-08-09T08:35:18.324Z] CLI Version:   15.26.0
[debug] [2026-08-09T08:35:18.324Z] Platform:      win32
[debug] [2026-08-09T08:35:18.325Z] Node Version:  v24.16.0
[debug] [2026-08-09T08:35:18.325Z] Detected Agent: codex_cli
[debug] [2026-08-09T08:35:18.325Z] Time:          Sun Aug 09 2026 11:35:18 GMT+0300 (GMT+03:00)
[debug] [2026-08-09T08:35:18.326Z] ----------------------------------------------------------------------
[debug] 
[debug] [2026-08-09T08:35:21.547Z] > command requires scopes: ["email","openid","https://www.googleapis.com/auth/cloudplatformprojects.readonly","https://www.googleapis.com/auth/firebase","https://www.googleapis.com/auth/cloud-platform"]
[debug] [2026-08-09T08:35:21.547Z] > authorizing via signed-in user (adreanhr078@gmail.com)
[debug] [2026-08-09T08:35:21.547Z] [iam] checking project eleveneleven-16435 for permissions ["firebase.projects.get","firebase.projects.update","firebaseauth.configs.update"]
[debug] [2026-08-09T08:35:21.577Z] Checked if tokens are valid: true, expires at: 1786267914111
[debug] [2026-08-09T08:35:21.577Z] Checked if tokens are valid: true, expires at: 1786267914111
[debug] [2026-08-09T08:35:21.579Z] >>> [apiv2][query] POST https://cloudresourcemanager.googleapis.com/v1/projects/eleveneleven-16435:testIamPermissions [none]
[debug] [2026-08-09T08:35:21.579Z] >>> [apiv2][(partial)header] POST https://cloudresourcemanager.googleapis.com/v1/projects/eleveneleven-16435:testIamPermissions  x-goog-user-project=eleveneleven-16435
[debug] [2026-08-09T08:35:21.579Z] >>> [apiv2][body] POST https://cloudresourcemanager.googleapis.com/v1/projects/eleveneleven-16435:testIamPermissions {"permissions":["firebase.projects.get","firebase.projects.update","firebaseauth.configs.update"]}
[debug] [2026-08-09T08:35:21.997Z] <<< [apiv2][status] POST https://cloudresourcemanager.googleapis.com/v1/projects/eleveneleven-16435:testIamPermissions 200
[debug] [2026-08-09T08:35:21.997Z] <<< [apiv2][body] POST https://cloudresourcemanager.googleapis.com/v1/projects/eleveneleven-16435:testIamPermissions {"permissions":["firebase.projects.get","firebase.projects.update","firebaseauth.configs.update"]}
[info] 
[info] === Deploying to 'eleveneleven-16435'...
[info] 
[info] i  deploying auth 
[debug] [2026-08-09T08:35:22.000Z] Checked if tokens are valid: true, expires at: 1786267914111
[debug] [2026-08-09T08:35:22.001Z] Checked if tokens are valid: true, expires at: 1786267914111
[debug] [2026-08-09T08:35:22.001Z] >>> [apiv2][query] GET https://firebase.googleapis.com/v1beta1/projects/eleveneleven-16435/webApps pageSize=100
[debug] [2026-08-09T08:35:22.570Z] <<< [apiv2][status] GET https://firebase.googleapis.com/v1beta1/projects/eleveneleven-16435/webApps 200
[debug] [2026-08-09T08:35:22.571Z] <<< [apiv2][body] GET https://firebase.googleapis.com/v1beta1/projects/eleveneleven-16435/webApps {"apps":[{"name":"projects/eleveneleven-16435/webApps/1:99075929279:web:6a0fa9130c6e7a3199020a","appId":"1:99075929279:web:6a0fa9130c6e7a3199020a","displayName":"11.11","projectId":"eleveneleven-16435","webId":"Njc5NWRkZTEtMWRhYi00YmY3LTk3MTYtZTdlZTFjYzAyMDMy","apiKeyId":"af5dbbd5-ac42-4a77-a656-40152e5cb3cf","state":"ACTIVE","expireTime":"1970-01-01T00:00:00Z","etag":"1_4a623704-742b-4f7d-81d3-7cbe82f6214c"},{"name":"projects/eleveneleven-16435/webApps/1:99075929279:web:956740e1cef19ef599020a","appId":"1:99075929279:web:956740e1cef19ef599020a","displayName":"11.11","projectId":"eleveneleven-16435","webId":"ZThmODRhOTgtN2YwNi00ZDg0LWIwNGEtYWU2OTFlMDlmYjlk","apiKeyId":"af5dbbd5-ac42-4a77-a656-40152e5cb3cf","state":"ACTIVE","expireTime":"1970-01-01T00:00:00Z","etag":"1_c862abd8-14bb-4eb9-9832-1eb0d10b068c"}]}
[info] Enabling auth providers: anonymous, email/password, Google sign-in...
[debug] [2026-08-09T08:35:22.573Z] [provision] Starting Firebase app provisioning...
[debug] [2026-08-09T08:35:22.573Z] [provision] Request: {
  "appNamespace": "1:99075929279:web:6a0fa9130c6e7a3199020a",
  "parent": "projects/eleveneleven-16435",
  "firebaseAuthInput": {
    "anonymousAuthProviderMode": "PROVIDER_ENABLED",
    "emailAuthProviderMode": "PROVIDER_ENABLED",
    "googleSigninProviderMode": "PROVIDER_ENABLED",
    "googleSigninProviderConfig": {
      "publicDisplayName": "11.11",
      "customerSupportEmail": "adreanhr078@gmail.com",
      "oauthRedirectUris": [
        "https://eleveneleven-16435.firebaseapp.com/__/auth/handler"
      ]
    }
  },
  "webInput": {}
}
[debug] [2026-08-09T08:35:22.573Z] Checked if tokens are valid: true, expires at: 1786267914111
[debug] [2026-08-09T08:35:22.574Z] Checked if tokens are valid: true, expires at: 1786267914111
[debug] [2026-08-09T08:35:22.574Z] >>> [apiv2][query] POST https://firebase.googleapis.com/v1alpha/firebase:provisionFirebaseApp [none]
[debug] [2026-08-09T08:35:22.575Z] >>> [apiv2][body] POST https://firebase.googleapis.com/v1alpha/firebase:provisionFirebaseApp {"appNamespace":"1:99075929279:web:6a0fa9130c6e7a3199020a","parent":"projects/eleveneleven-16435","firebaseAuthInput":{"anonymousAuthProviderMode":"PROVIDER_ENABLED","emailAuthProviderMode":"PROVIDER_ENABLED","googleSigninProviderMode":"PROVIDER_ENABLED","googleSigninProviderConfig":{"publicDisplayName":"11.11","customerSupportEmail":"adreanhr078@gmail.com","oauthRedirectUris":["https://eleveneleven-16435.firebaseapp.com/__/auth/handler"]}},"webInput":{}}
[debug] [2026-08-09T08:35:23.800Z] <<< [apiv2][status] POST https://firebase.googleapis.com/v1alpha/firebase:provisionFirebaseApp 200
[debug] [2026-08-09T08:35:23.800Z] <<< [apiv2][body] POST https://firebase.googleapis.com/v1alpha/firebase:provisionFirebaseApp {"name":"operations/workflows/NTJjNzJkYWUtNjJhNS00NmY1LWEzMzctZTYxMjA1ZjkyMzQ2"}
[debug] [2026-08-09T08:35:23.800Z] [provision] Operation started: operations/workflows/NTJjNzJkYWUtNjJhNS00NmY1LWEzMzctZTYxMjA1ZjkyMzQ2
[debug] [2026-08-09T08:35:23.800Z] [provision] Polling for operation completion...
[debug] [2026-08-09T08:35:23.801Z] Checked if tokens are valid: true, expires at: 1786267914111
[debug] [2026-08-09T08:35:23.801Z] Checked if tokens are valid: true, expires at: 1786267914111
[debug] [2026-08-09T08:35:23.802Z] >>> [apiv2][query] GET https://firebase.googleapis.com/v1beta1/operations/workflows/NTJjNzJkYWUtNjJhNS00NmY1LWEzMzctZTYxMjA1ZjkyMzQ2 [none]
[debug] [2026-08-09T08:35:24.119Z] <<< [apiv2][status] GET https://firebase.googleapis.com/v1beta1/operations/workflows/NTJjNzJkYWUtNjJhNS00NmY1LWEzMzctZTYxMjA1ZjkyMzQ2 200
[debug] [2026-08-09T08:35:24.119Z] <<< [apiv2][body] GET https://firebase.googleapis.com/v1beta1/operations/workflows/NTJjNzJkYWUtNjJhNS00NmY1LWEzMzctZTYxMjA1ZjkyMzQ2 {"name":"operations/workflows/NTJjNzJkYWUtNjJhNS00NmY1LWEzMzctZTYxMjA1ZjkyMzQ2"}
[debug] [2026-08-09T08:35:24.320Z] [Provision Firebase App Poller] Retrying task index 0
[debug] [2026-08-09T08:35:24.321Z] Checked if tokens are valid: true, expires at: 1786267914111
[debug] [2026-08-09T08:35:24.321Z] Checked if tokens are valid: true, expires at: 1786267914111
[debug] [2026-08-09T08:35:24.322Z] >>> [apiv2][query] GET https://firebase.googleapis.com/v1beta1/operations/workflows/NTJjNzJkYWUtNjJhNS00NmY1LWEzMzctZTYxMjA1ZjkyMzQ2 [none]
[debug] [2026-08-09T08:35:24.590Z] <<< [apiv2][status] GET https://firebase.googleapis.com/v1beta1/operations/workflows/NTJjNzJkYWUtNjJhNS00NmY1LWEzMzctZTYxMjA1ZjkyMzQ2 200
[debug] [2026-08-09T08:35:24.591Z] <<< [apiv2][body] GET https://firebase.googleapis.com/v1beta1/operations/workflows/NTJjNzJkYWUtNjJhNS00NmY1LWEzMzctZTYxMjA1ZjkyMzQ2 {"name":"operations/workflows/NTJjNzJkYWUtNjJhNS00NmY1LWEzMzctZTYxMjA1ZjkyMzQ2"}
[debug] [2026-08-09T08:35:24.992Z] [Provision Firebase App Poller] Retrying task index 0
[debug] [2026-08-09T08:35:24.993Z] Checked if tokens are valid: true, expires at: 1786267914111
[debug] [2026-08-09T08:35:24.993Z] Checked if tokens are valid: true, expires at: 1786267914111
[debug] [2026-08-09T08:35:24.994Z] >>> [apiv2][query] GET https://firebase.googleapis.com/v1beta1/operations/workflows/NTJjNzJkYWUtNjJhNS00NmY1LWEzMzctZTYxMjA1ZjkyMzQ2 [none]
[debug] [2026-08-09T08:35:25.289Z] <<< [apiv2][status] GET https://firebase.googleapis.com/v1beta1/operations/workflows/NTJjNzJkYWUtNjJhNS00NmY1LWEzMzctZTYxMjA1ZjkyMzQ2 200
[debug] [2026-08-09T08:35:25.289Z] <<< [apiv2][body] GET https://firebase.googleapis.com/v1beta1/operations/workflows/NTJjNzJkYWUtNjJhNS00NmY1LWEzMzctZTYxMjA1ZjkyMzQ2 {"name":"operations/workflows/NTJjNzJkYWUtNjJhNS00NmY1LWEzMzctZTYxMjA1ZjkyMzQ2"}
[debug] [2026-08-09T08:35:26.089Z] [Provision Firebase App Poller] Retrying task index 0
[debug] [2026-08-09T08:35:26.089Z] Checked if tokens are valid: true, expires at: 1786267914111
[debug] [2026-08-09T08:35:26.089Z] Checked if tokens are valid: true, expires at: 1786267914111
[debug] [2026-08-09T08:35:26.090Z] >>> [apiv2][query] GET https://firebase.googleapis.com/v1beta1/operations/workflows/NTJjNzJkYWUtNjJhNS00NmY1LWEzMzctZTYxMjA1ZjkyMzQ2 [none]
[debug] [2026-08-09T08:35:26.441Z] <<< [apiv2][status] GET https://firebase.googleapis.com/v1beta1/operations/workflows/NTJjNzJkYWUtNjJhNS00NmY1LWEzMzctZTYxMjA1ZjkyMzQ2 200
[debug] [2026-08-09T08:35:26.442Z] <<< [apiv2][body] GET https://firebase.googleapis.com/v1beta1/operations/workflows/NTJjNzJkYWUtNjJhNS00NmY1LWEzMzctZTYxMjA1ZjkyMzQ2 {"name":"operations/workflows/NTJjNzJkYWUtNjJhNS00NmY1LWEzMzctZTYxMjA1ZjkyMzQ2"}
[debug] [2026-08-09T08:35:28.043Z] [Provision Firebase App Poller] Retrying task index 0
[debug] [2026-08-09T08:35:28.044Z] Checked if tokens are valid: true, expires at: 1786267914111
[debug] [2026-08-09T08:35:28.044Z] Checked if tokens are valid: true, expires at: 1786267914111
[debug] [2026-08-09T08:35:28.045Z] >>> [apiv2][query] GET https://firebase.googleapis.com/v1beta1/operations/workflows/NTJjNzJkYWUtNjJhNS00NmY1LWEzMzctZTYxMjA1ZjkyMzQ2 [none]
[debug] [2026-08-09T08:35:28.388Z] <<< [apiv2][status] GET https://firebase.googleapis.com/v1beta1/operations/workflows/NTJjNzJkYWUtNjJhNS00NmY1LWEzMzctZTYxMjA1ZjkyMzQ2 200
[debug] [2026-08-09T08:35:28.388Z] <<< [apiv2][body] GET https://firebase.googleapis.com/v1beta1/operations/workflows/NTJjNzJkYWUtNjJhNS00NmY1LWEzMzctZTYxMjA1ZjkyMzQ2 {"name":"operations/workflows/NTJjNzJkYWUtNjJhNS00NmY1LWEzMzctZTYxMjA1ZjkyMzQ2"}
[debug] [2026-08-09T08:35:31.590Z] [Provision Firebase App Poller] Retrying task index 0
[debug] [2026-08-09T08:35:31.591Z] Checked if tokens are valid: true, expires at: 1786267914111
[debug] [2026-08-09T08:35:31.591Z] Checked if tokens are valid: true, expires at: 1786267914111
[debug] [2026-08-09T08:35:31.591Z] >>> [apiv2][query] GET https://firebase.googleapis.com/v1beta1/operations/workflows/NTJjNzJkYWUtNjJhNS00NmY1LWEzMzctZTYxMjA1ZjkyMzQ2 [none]
[debug] [2026-08-09T08:35:31.934Z] <<< [apiv2][status] GET https://firebase.googleapis.com/v1beta1/operations/workflows/NTJjNzJkYWUtNjJhNS00NmY1LWEzMzctZTYxMjA1ZjkyMzQ2 200
[debug] [2026-08-09T08:35:31.935Z] <<< [apiv2][body] GET https://firebase.googleapis.com/v1beta1/operations/workflows/NTJjNzJkYWUtNjJhNS00NmY1LWEzMzctZTYxMjA1ZjkyMzQ2 {"name":"operations/workflows/NTJjNzJkYWUtNjJhNS00NmY1LWEzMzctZTYxMjA1ZjkyMzQ2"}
[debug] [2026-08-09T08:35:36.935Z] [Provision Firebase App Poller] Retrying task index 0
[debug] [2026-08-09T08:35:36.935Z] Checked if tokens are valid: true, expires at: 1786267914111
[debug] [2026-08-09T08:35:36.935Z] Checked if tokens are valid: true, expires at: 1786267914111
[debug] [2026-08-09T08:35:36.936Z] >>> [apiv2][query] GET https://firebase.googleapis.com/v1beta1/operations/workflows/NTJjNzJkYWUtNjJhNS00NmY1LWEzMzctZTYxMjA1ZjkyMzQ2 [none]
[debug] [2026-08-09T08:35:37.392Z] <<< [apiv2][status] GET https://firebase.googleapis.com/v1beta1/operations/workflows/NTJjNzJkYWUtNjJhNS00NmY1LWEzMzctZTYxMjA1ZjkyMzQ2 200
[debug] [2026-08-09T08:35:37.393Z] <<< [apiv2][body] GET https://firebase.googleapis.com/v1beta1/operations/workflows/NTJjNzJkYWUtNjJhNS00NmY1LWEzMzctZTYxMjA1ZjkyMzQ2 {"name":"operations/workflows/NTJjNzJkYWUtNjJhNS00NmY1LWEzMzctZTYxMjA1ZjkyMzQ2","done":true,"error":{"code":3,"message":"PROVISION_WEB_OAUTH_CLIENT_TASK: com.google.apps.framework.request.StatusException: <eye3 title='INVALID_ARGUMENT'/> client_auth_config::FIELD_INVALID: OAuth 2 redirect URLs have duplicate  [https://eleveneleven-16435.firebaseapp.com/__/auth/handler].","details":[{"@type":"type.googleapis.com/util.StatusProto","code":3,"space":"generic","message":"PROVISION_WEB_OAUTH_CLIENT_TASK: com.google.apps.framework.request.StatusException: <eye3 title='INVALID_ARGUMENT'/> client_auth_config::FIELD_INVALID: OAuth 2 redirect URLs have duplicate  [https://eleveneleven-16435.firebaseapp.com/__/auth/handler]."}]}}
[debug] [2026-08-09T08:35:37.406Z] FirebaseError: PROVISION_WEB_OAUTH_CLIENT_TASK: com.google.apps.framework.request.StatusException: <eye3 title='INVALID_ARGUMENT'/> client_auth_config::FIELD_INVALID: OAuth 2 redirect URLs have duplicate  [https://eleveneleven-16435.firebaseapp.com/__/auth/handler].
    at OperationPoller.poll (C:\Users\yasmo\AppData\Roaming\npm\node_modules\firebase-tools\lib\operation-poller.js:25:19)
    at process.processTicksAndRejections (node:internal/process/task_queues:104:5)
    at async provisionFirebaseApp (C:\Users\yasmo\AppData\Roaming\npm\node_modules\firebase-tools\lib\management\provisioning\provision.js:101:24)
    at async deploy (C:\Users\yasmo\AppData\Roaming\npm\node_modules\firebase-tools\lib\deploy\auth\deploy.js:47:5)
    at async chain (C:\Users\yasmo\AppData\Roaming\npm\node_modules\firebase-tools\lib\deploy\index.js:114:9)
    at async deploy (C:\Users\yasmo\AppData\Roaming\npm\node_modules\firebase-tools\lib\deploy\index.js:195:9)
    at async C:\Users\yasmo\AppData\Roaming\npm\node_modules\firebase-tools\lib\command.js:280:28
[error] 
[error] Error: Failed to provision Firebase app: PROVISION_WEB_OAUTH_CLIENT_TASK: com.google.apps.framework.request.StatusException: <eye3 title='INVALID_ARGUMENT'/> client_auth_config::FIELD_INVALID: OAuth 2 redirect URLs have duplicate  [https://eleveneleven-16435.firebaseapp.com/__/auth/handler].
[debug] [2026-08-09T08:36:09.072Z] ----------------------------------------------------------------------
[debug] [2026-08-09T08:36:09.083Z] Command:       C:\Program Files\nodejs\node.exe C:\Users\yasmo\AppData\Roaming\npm\node_modules\firebase-tools\lib\bin\firebase.js deploy --only auth --project eleveneleven-16435 --non-interactive --json
[debug] [2026-08-09T08:36:09.084Z] CLI Version:   15.26.0
[debug] [2026-08-09T08:36:09.085Z] Platform:      win32
[debug] [2026-08-09T08:36:09.085Z] Node Version:  v24.16.0
[debug] [2026-08-09T08:36:09.085Z] Detected Agent: codex_cli
[debug] [2026-08-09T08:36:09.085Z] Time:          Sun Aug 09 2026 11:36:09 GMT+0300 (GMT+03:00)
[debug] [2026-08-09T08:36:09.085Z] ----------------------------------------------------------------------
[debug] 
[debug] [2026-08-09T08:36:11.194Z] > command requires scopes: ["email","openid","https://www.googleapis.com/auth/cloudplatformprojects.readonly","https://www.googleapis.com/auth/firebase","https://www.googleapis.com/auth/cloud-platform"]
[debug] [2026-08-09T08:36:11.195Z] > authorizing via signed-in user (adreanhr078@gmail.com)
[debug] [2026-08-09T08:36:11.196Z] [iam] checking project eleveneleven-16435 for permissions ["firebase.projects.get","firebase.projects.update","firebaseauth.configs.update"]
[debug] [2026-08-09T08:36:11.217Z] Checked if tokens are valid: true, expires at: 1786267914111
[debug] [2026-08-09T08:36:11.217Z] Checked if tokens are valid: true, expires at: 1786267914111
[debug] [2026-08-09T08:36:11.218Z] >>> [apiv2][query] POST https://cloudresourcemanager.googleapis.com/v1/projects/eleveneleven-16435:testIamPermissions [none]
[debug] [2026-08-09T08:36:11.219Z] >>> [apiv2][(partial)header] POST https://cloudresourcemanager.googleapis.com/v1/projects/eleveneleven-16435:testIamPermissions  x-goog-user-project=eleveneleven-16435
[debug] [2026-08-09T08:36:11.219Z] >>> [apiv2][body] POST https://cloudresourcemanager.googleapis.com/v1/projects/eleveneleven-16435:testIamPermissions {"permissions":["firebase.projects.get","firebase.projects.update","firebaseauth.configs.update"]}
[debug] [2026-08-09T08:36:11.607Z] <<< [apiv2][status] POST https://cloudresourcemanager.googleapis.com/v1/projects/eleveneleven-16435:testIamPermissions 200
[debug] [2026-08-09T08:36:11.607Z] <<< [apiv2][body] POST https://cloudresourcemanager.googleapis.com/v1/projects/eleveneleven-16435:testIamPermissions {"permissions":["firebase.projects.get","firebase.projects.update","firebaseauth.configs.update"]}
[info] 
[info] === Deploying to 'eleveneleven-16435'...
[info] 
[info] i  deploying auth 
[debug] [2026-08-09T08:36:11.609Z] Checked if tokens are valid: true, expires at: 1786267914111
[debug] [2026-08-09T08:36:11.609Z] Checked if tokens are valid: true, expires at: 1786267914111
[debug] [2026-08-09T08:36:11.609Z] >>> [apiv2][query] GET https://firebase.googleapis.com/v1beta1/projects/eleveneleven-16435/webApps pageSize=100
[debug] [2026-08-09T08:36:12.108Z] <<< [apiv2][status] GET https://firebase.googleapis.com/v1beta1/projects/eleveneleven-16435/webApps 200
[debug] [2026-08-09T08:36:12.108Z] <<< [apiv2][body] GET https://firebase.googleapis.com/v1beta1/projects/eleveneleven-16435/webApps {"apps":[{"name":"projects/eleveneleven-16435/webApps/1:99075929279:web:6a0fa9130c6e7a3199020a","appId":"1:99075929279:web:6a0fa9130c6e7a3199020a","displayName":"11.11","projectId":"eleveneleven-16435","webId":"Njc5NWRkZTEtMWRhYi00YmY3LTk3MTYtZTdlZTFjYzAyMDMy","apiKeyId":"af5dbbd5-ac42-4a77-a656-40152e5cb3cf","state":"ACTIVE","expireTime":"1970-01-01T00:00:00Z","etag":"1_4a623704-742b-4f7d-81d3-7cbe82f6214c"},{"name":"projects/eleveneleven-16435/webApps/1:99075929279:web:956740e1cef19ef599020a","appId":"1:99075929279:web:956740e1cef19ef599020a","displayName":"11.11","projectId":"eleveneleven-16435","webId":"ZThmODRhOTgtN2YwNi00ZDg0LWIwNGEtYWU2OTFlMDlmYjlk","apiKeyId":"af5dbbd5-ac42-4a77-a656-40152e5cb3cf","state":"ACTIVE","expireTime":"1970-01-01T00:00:00Z","etag":"1_c862abd8-14bb-4eb9-9832-1eb0d10b068c"}]}
[info] Enabling auth providers: anonymous, email/password, Google sign-in...
[debug] [2026-08-09T08:36:12.109Z] [provision] Starting Firebase app provisioning...
[debug] [2026-08-09T08:36:12.109Z] [provision] Request: {
  "appNamespace": "1:99075929279:web:6a0fa9130c6e7a3199020a",
  "parent": "projects/eleveneleven-16435",
  "firebaseAuthInput": {
    "anonymousAuthProviderMode": "PROVIDER_ENABLED",
    "emailAuthProviderMode": "PROVIDER_ENABLED",
    "googleSigninProviderMode": "PROVIDER_ENABLED",
    "googleSigninProviderConfig": {
      "publicDisplayName": "11.11",
      "customerSupportEmail": "adreanhr078@gmail.com"
    }
  },
  "webInput": {}
}
[debug] [2026-08-09T08:36:12.109Z] Checked if tokens are valid: true, expires at: 1786267914111
[debug] [2026-08-09T08:36:12.109Z] Checked if tokens are valid: true, expires at: 1786267914111
[debug] [2026-08-09T08:36:12.109Z] >>> [apiv2][query] POST https://firebase.googleapis.com/v1alpha/firebase:provisionFirebaseApp [none]
[debug] [2026-08-09T08:36:12.109Z] >>> [apiv2][body] POST https://firebase.googleapis.com/v1alpha/firebase:provisionFirebaseApp {"appNamespace":"1:99075929279:web:6a0fa9130c6e7a3199020a","parent":"projects/eleveneleven-16435","firebaseAuthInput":{"anonymousAuthProviderMode":"PROVIDER_ENABLED","emailAuthProviderMode":"PROVIDER_ENABLED","googleSigninProviderMode":"PROVIDER_ENABLED","googleSigninProviderConfig":{"publicDisplayName":"11.11","customerSupportEmail":"adreanhr078@gmail.com"}},"webInput":{}}
[debug] [2026-08-09T08:36:13.324Z] <<< [apiv2][status] POST https://firebase.googleapis.com/v1alpha/firebase:provisionFirebaseApp 200
[debug] [2026-08-09T08:36:13.324Z] <<< [apiv2][body] POST https://firebase.googleapis.com/v1alpha/firebase:provisionFirebaseApp {"name":"operations/workflows/NzRiN2Y2ZjEtZjMyYy00ODAxLTk5YzAtZmJjN2YyZjNjMGQ2"}
[debug] [2026-08-09T08:36:13.324Z] [provision] Operation started: operations/workflows/NzRiN2Y2ZjEtZjMyYy00ODAxLTk5YzAtZmJjN2YyZjNjMGQ2
[debug] [2026-08-09T08:36:13.324Z] [provision] Polling for operation completion...
[debug] [2026-08-09T08:36:13.325Z] Checked if tokens are valid: true, expires at: 1786267914111
[debug] [2026-08-09T08:36:13.325Z] Checked if tokens are valid: true, expires at: 1786267914111
[debug] [2026-08-09T08:36:13.326Z] >>> [apiv2][query] GET https://firebase.googleapis.com/v1beta1/operations/workflows/NzRiN2Y2ZjEtZjMyYy00ODAxLTk5YzAtZmJjN2YyZjNjMGQ2 [none]
[debug] [2026-08-09T08:36:13.787Z] <<< [apiv2][status] GET https://firebase.googleapis.com/v1beta1/operations/workflows/NzRiN2Y2ZjEtZjMyYy00ODAxLTk5YzAtZmJjN2YyZjNjMGQ2 200
[debug] [2026-08-09T08:36:13.788Z] <<< [apiv2][body] GET https://firebase.googleapis.com/v1beta1/operations/workflows/NzRiN2Y2ZjEtZjMyYy00ODAxLTk5YzAtZmJjN2YyZjNjMGQ2 {"name":"operations/workflows/NzRiN2Y2ZjEtZjMyYy00ODAxLTk5YzAtZmJjN2YyZjNjMGQ2"}
[debug] [2026-08-09T08:36:13.988Z] [Provision Firebase App Poller] Retrying task index 0
[debug] [2026-08-09T08:36:13.989Z] Checked if tokens are valid: true, expires at: 1786267914111
[debug] [2026-08-09T08:36:13.989Z] Checked if tokens are valid: true, expires at: 1786267914111
[debug] [2026-08-09T08:36:13.989Z] >>> [apiv2][query] GET https://firebase.googleapis.com/v1beta1/operations/workflows/NzRiN2Y2ZjEtZjMyYy00ODAxLTk5YzAtZmJjN2YyZjNjMGQ2 [none]
[debug] [2026-08-09T08:36:14.276Z] <<< [apiv2][status] GET https://firebase.googleapis.com/v1beta1/operations/workflows/NzRiN2Y2ZjEtZjMyYy00ODAxLTk5YzAtZmJjN2YyZjNjMGQ2 200
[debug] [2026-08-09T08:36:14.276Z] <<< [apiv2][body] GET https://firebase.googleapis.com/v1beta1/operations/workflows/NzRiN2Y2ZjEtZjMyYy00ODAxLTk5YzAtZmJjN2YyZjNjMGQ2 {"name":"operations/workflows/NzRiN2Y2ZjEtZjMyYy00ODAxLTk5YzAtZmJjN2YyZjNjMGQ2"}
[debug] [2026-08-09T08:36:14.678Z] [Provision Firebase App Poller] Retrying task index 0
[debug] [2026-08-09T08:36:14.680Z] Checked if tokens are valid: true, expires at: 1786267914111
[debug] [2026-08-09T08:36:14.680Z] Checked if tokens are valid: true, expires at: 1786267914111
[debug] [2026-08-09T08:36:14.681Z] >>> [apiv2][query] GET https://firebase.googleapis.com/v1beta1/operations/workflows/NzRiN2Y2ZjEtZjMyYy00ODAxLTk5YzAtZmJjN2YyZjNjMGQ2 [none]
[debug] [2026-08-09T08:36:15.052Z] <<< [apiv2][status] GET https://firebase.googleapis.com/v1beta1/operations/workflows/NzRiN2Y2ZjEtZjMyYy00ODAxLTk5YzAtZmJjN2YyZjNjMGQ2 200
[debug] [2026-08-09T08:36:15.052Z] <<< [apiv2][body] GET https://firebase.googleapis.com/v1beta1/operations/workflows/NzRiN2Y2ZjEtZjMyYy00ODAxLTk5YzAtZmJjN2YyZjNjMGQ2 {"name":"operations/workflows/NzRiN2Y2ZjEtZjMyYy00ODAxLTk5YzAtZmJjN2YyZjNjMGQ2"}
[debug] [2026-08-09T08:36:15.853Z] [Provision Firebase App Poller] Retrying task index 0
[debug] [2026-08-09T08:36:15.854Z] Checked if tokens are valid: true, expires at: 1786267914111
[debug] [2026-08-09T08:36:15.854Z] Checked if tokens are valid: true, expires at: 1786267914111
[debug] [2026-08-09T08:36:15.854Z] >>> [apiv2][query] GET https://firebase.googleapis.com/v1beta1/operations/workflows/NzRiN2Y2ZjEtZjMyYy00ODAxLTk5YzAtZmJjN2YyZjNjMGQ2 [none]
[debug] [2026-08-09T08:36:16.200Z] <<< [apiv2][status] GET https://firebase.googleapis.com/v1beta1/operations/workflows/NzRiN2Y2ZjEtZjMyYy00ODAxLTk5YzAtZmJjN2YyZjNjMGQ2 200
[debug] [2026-08-09T08:36:16.200Z] <<< [apiv2][body] GET https://firebase.googleapis.com/v1beta1/operations/workflows/NzRiN2Y2ZjEtZjMyYy00ODAxLTk5YzAtZmJjN2YyZjNjMGQ2 {"name":"operations/workflows/NzRiN2Y2ZjEtZjMyYy00ODAxLTk5YzAtZmJjN2YyZjNjMGQ2"}
[debug] [2026-08-09T08:36:17.801Z] [Provision Firebase App Poller] Retrying task index 0
[debug] [2026-08-09T08:36:17.802Z] Checked if tokens are valid: true, expires at: 1786267914111
[debug] [2026-08-09T08:36:17.802Z] Checked if tokens are valid: true, expires at: 1786267914111
[debug] [2026-08-09T08:36:17.802Z] >>> [apiv2][query] GET https://firebase.googleapis.com/v1beta1/operations/workflows/NzRiN2Y2ZjEtZjMyYy00ODAxLTk5YzAtZmJjN2YyZjNjMGQ2 [none]
[debug] [2026-08-09T08:36:18.192Z] <<< [apiv2][status] GET https://firebase.googleapis.com/v1beta1/operations/workflows/NzRiN2Y2ZjEtZjMyYy00ODAxLTk5YzAtZmJjN2YyZjNjMGQ2 200
[debug] [2026-08-09T08:36:18.193Z] <<< [apiv2][body] GET https://firebase.googleapis.com/v1beta1/operations/workflows/NzRiN2Y2ZjEtZjMyYy00ODAxLTk5YzAtZmJjN2YyZjNjMGQ2 {"name":"operations/workflows/NzRiN2Y2ZjEtZjMyYy00ODAxLTk5YzAtZmJjN2YyZjNjMGQ2"}
[debug] [2026-08-09T08:36:21.394Z] [Provision Firebase App Poller] Retrying task index 0
[debug] [2026-08-09T08:36:21.395Z] Checked if tokens are valid: true, expires at: 1786267914111
[debug] [2026-08-09T08:36:21.396Z] Checked if tokens are valid: true, expires at: 1786267914111
[debug] [2026-08-09T08:36:21.397Z] >>> [apiv2][query] GET https://firebase.googleapis.com/v1beta1/operations/workflows/NzRiN2Y2ZjEtZjMyYy00ODAxLTk5YzAtZmJjN2YyZjNjMGQ2 [none]
[debug] [2026-08-09T08:36:21.798Z] <<< [apiv2][status] GET https://firebase.googleapis.com/v1beta1/operations/workflows/NzRiN2Y2ZjEtZjMyYy00ODAxLTk5YzAtZmJjN2YyZjNjMGQ2 200
[debug] [2026-08-09T08:36:21.799Z] <<< [apiv2][body] GET https://firebase.googleapis.com/v1beta1/operations/workflows/NzRiN2Y2ZjEtZjMyYy00ODAxLTk5YzAtZmJjN2YyZjNjMGQ2 {"name":"operations/workflows/NzRiN2Y2ZjEtZjMyYy00ODAxLTk5YzAtZmJjN2YyZjNjMGQ2"}
[debug] [2026-08-09T08:36:26.799Z] [Provision Firebase App Poller] Retrying task index 0
[debug] [2026-08-09T08:36:26.800Z] Checked if tokens are valid: true, expires at: 1786267914111
[debug] [2026-08-09T08:36:26.800Z] Checked if tokens are valid: true, expires at: 1786267914111
[debug] [2026-08-09T08:36:26.800Z] >>> [apiv2][query] GET https://firebase.googleapis.com/v1beta1/operations/workflows/NzRiN2Y2ZjEtZjMyYy00ODAxLTk5YzAtZmJjN2YyZjNjMGQ2 [none]
[debug] [2026-08-09T08:36:27.422Z] <<< [apiv2][status] GET https://firebase.googleapis.com/v1beta1/operations/workflows/NzRiN2Y2ZjEtZjMyYy00ODAxLTk5YzAtZmJjN2YyZjNjMGQ2 200
[debug] [2026-08-10T07:58:28.237Z] ----------------------------------------------------------------------
[debug] [2026-08-10T07:58:28.260Z] Command:       C:\Program Files\nodejs\node.exe C:\Users\yasmo\AppData\Roaming\npm\node_modules\firebase-tools\lib\bin\firebase.js projects:list --json
[debug] [2026-08-10T07:58:28.261Z] CLI Version:   15.26.0
[debug] [2026-08-10T07:58:28.262Z] Platform:      win32
[debug] [2026-08-10T07:58:28.262Z] Node Version:  v24.16.0
[debug] [2026-08-10T07:58:28.262Z] Detected Agent: codex_cli
[debug] [2026-08-10T07:58:28.263Z] Time:          Mon Aug 10 2026 10:58:28 GMT+0300 (GMT+03:00)
[debug] [2026-08-10T07:58:28.263Z] ----------------------------------------------------------------------
[debug] 
[debug] [2026-08-10T07:58:28.324Z] >>> [apiv2][query] GET https://firebase-public.firebaseio.com/cli.json [none]
[debug] [2026-08-10T07:58:29.526Z] > command requires scopes: ["email","openid","https://www.googleapis.com/auth/cloudplatformprojects.readonly","https://www.googleapis.com/auth/firebase","https://www.googleapis.com/auth/cloud-platform"]
[debug] [2026-08-10T07:58:29.527Z] > authorizing via signed-in user (adreanhr078@gmail.com)
[debug] [2026-08-10T07:58:29.541Z] Checked if tokens are valid: false, expires at: 1786267914111
[debug] [2026-08-10T07:58:29.541Z] Checked if tokens are valid: false, expires at: 1786267914111
[debug] [2026-08-10T07:58:29.542Z] > refreshing access token with scopes: []
[debug] [2026-08-10T07:58:29.549Z] >>> [apiv2][query] POST https://www.googleapis.com/oauth2/v3/token [none]
[debug] [2026-08-10T07:58:29.549Z] >>> [apiv2][body] POST https://www.googleapis.com/oauth2/v3/token [omitted]
[debug] [2026-08-10T07:58:29.882Z] <<< [apiv2][status] POST https://www.googleapis.com/oauth2/v3/token 200
[debug] [2026-08-10T07:58:29.883Z] <<< [apiv2][body] POST https://www.googleapis.com/oauth2/v3/token [omitted]
[debug] [2026-08-10T07:58:29.927Z] >>> [apiv2][query] GET https://firebase.googleapis.com/v1beta1/projects pageSize=1000
[debug] [2026-08-10T07:58:30.025Z] <<< [apiv2][status] GET https://firebase-public.firebaseio.com/cli.json 200
[debug] [2026-08-10T07:58:30.026Z] <<< [apiv2][body] GET https://firebase-public.firebaseio.com/cli.json {"cloudBuildErrorAfter":1594252800000,"cloudBuildWarnAfter":1590019200000,"defaultNode10After":1594252800000,"minVersion":"3.0.5","node8DeploysDisabledAfter":1613390400000,"node8RuntimeDisabledAfter":1615809600000,"node8WarnAfter":1600128000000}
[debug] [2026-08-10T07:58:30.515Z] <<< [apiv2][status] GET https://firebase.googleapis.com/v1beta1/projects 200
[debug] [2026-08-10T07:59:03.342Z] ----------------------------------------------------------------------
[debug] [2026-08-10T07:59:03.380Z] Command:       C:\Program Files\nodejs\node.exe C:\Users\yasmo\AppData\Roaming\npm\node_modules\firebase-tools\lib\bin\firebase.js deploy --only firestore:rules --project eleveneleven-16435 --json
[debug] [2026-08-10T07:59:03.383Z] CLI Version:   15.26.0
[debug] [2026-08-10T07:59:03.383Z] Platform:      win32
[debug] [2026-08-10T07:59:03.384Z] Node Version:  v24.16.0
[debug] [2026-08-10T07:59:03.384Z] Detected Agent: codex_cli
[debug] [2026-08-10T07:59:03.385Z] Time:          Mon Aug 10 2026 10:59:03 GMT+0300 (GMT+03:00)
[debug] [2026-08-10T07:59:03.385Z] ----------------------------------------------------------------------
[debug] 
[debug] [2026-08-10T08:00:24.866Z] > command requires scopes: ["email","openid","https://www.googleapis.com/auth/cloudplatformprojects.readonly","https://www.googleapis.com/auth/firebase","https://www.googleapis.com/auth/cloud-platform"]
[debug] [2026-08-10T08:00:24.869Z] > authorizing via signed-in user (adreanhr078@gmail.com)
[debug] [2026-08-10T08:00:24.869Z] [iam] checking project eleveneleven-16435 for permissions ["datastore.indexes.create","datastore.indexes.delete","datastore.indexes.list","datastore.indexes.update","firebase.projects.get"]
[debug] [2026-08-10T08:00:24.970Z] Checked if tokens are valid: true, expires at: 1786352308883
[debug] [2026-08-10T08:00:24.971Z] Checked if tokens are valid: true, expires at: 1786352308883
[debug] [2026-08-10T08:00:24.977Z] >>> [apiv2][query] POST https://cloudresourcemanager.googleapis.com/v1/projects/eleveneleven-16435:testIamPermissions [none]
[debug] [2026-08-10T08:00:24.978Z] >>> [apiv2][(partial)header] POST https://cloudresourcemanager.googleapis.com/v1/projects/eleveneleven-16435:testIamPermissions  x-goog-user-project=eleveneleven-16435
[debug] [2026-08-10T08:00:24.978Z] >>> [apiv2][body] POST https://cloudresourcemanager.googleapis.com/v1/projects/eleveneleven-16435:testIamPermissions {"permissions":["datastore.indexes.create","datastore.indexes.delete","datastore.indexes.list","datastore.indexes.update","firebase.projects.get"]}
[debug] [2026-08-10T08:00:25.684Z] <<< [apiv2][status] POST https://cloudresourcemanager.googleapis.com/v1/projects/eleveneleven-16435:testIamPermissions 200
[debug] [2026-08-10T08:00:25.685Z] <<< [apiv2][body] POST https://cloudresourcemanager.googleapis.com/v1/projects/eleveneleven-16435:testIamPermissions {"permissions":["datastore.indexes.create","datastore.indexes.delete","datastore.indexes.list","datastore.indexes.update","firebase.projects.get"]}
[info] 
[info] === Deploying to 'eleveneleven-16435'...
[info] 
[info] i  deploying firestore 
[info] i  firestore: ensuring required API firestore.googleapis.com is enabled... 
[info] i  firestore: ensuring required API firestore.googleapis.com is enabled... 
[debug] [2026-08-10T08:00:25.703Z] Checked if tokens are valid: true, expires at: 1786352308883
[debug] [2026-08-10T08:00:25.704Z] Checked if tokens are valid: true, expires at: 1786352308883
[debug] [2026-08-10T08:00:25.704Z] >>> [apiv2][query] GET https://firestore.googleapis.com/v1/projects/eleveneleven-16435/databases/(default) [none]
[debug] [2026-08-10T08:00:26.841Z] <<< [apiv2][status] GET https://firestore.googleapis.com/v1/projects/eleveneleven-16435/databases/(default) 200
[debug] [2026-08-10T08:00:26.841Z] <<< [apiv2][body] GET https://firestore.googleapis.com/v1/projects/eleveneleven-16435/databases/(default) {"name":"projects/eleveneleven-16435/databases/(default)","uid":"bf418626-fa99-483c-854c-012ec08288b3","createTime":"2026-08-08T17:42:18.342909Z","updateTime":"2026-08-08T17:42:18.342909Z","locationId":"nam5","type":"FIRESTORE_NATIVE","concurrencyMode":"PESSIMISTIC","versionRetentionPeriod":"3600s","earliestVersionTime":"2026-08-10T07:00:27.431857Z","appEngineIntegrationMode":"DISABLED","keyPrefix":"s","pointInTimeRecoveryEnablement":"POINT_IN_TIME_RECOVERY_DISABLED","deleteProtectionState":"DELETE_PROTECTION_DISABLED","databaseEdition":"STANDARD","freeTier":true,"realtimeUpdatesMode":"REALTIME_UPDATES_MODE_ENABLED","etag":"IOOQt/rLlZYDMPfB/eWSk5YD"}
[info] i  cloud.firestore: checking firestore.rules for compilation errors... 
[debug] [2026-08-10T08:00:26.844Z] Checked if tokens are valid: true, expires at: 1786352308883
[debug] [2026-08-10T08:00:26.844Z] Checked if tokens are valid: true, expires at: 1786352308883
[debug] [2026-08-10T08:00:26.845Z] >>> [apiv2][query] POST https://firebaserules.googleapis.com/v1/projects/eleveneleven-16435:test [none]
[debug] [2026-08-10T08:00:26.845Z] >>> [apiv2][body] POST https://firebaserules.googleapis.com/v1/projects/eleveneleven-16435:test [omitted]
[debug] [2026-08-10T08:00:27.414Z] <<< [apiv2][status] POST https://firebaserules.googleapis.com/v1/projects/eleveneleven-16435:test 200
[debug] [2026-08-10T08:00:27.414Z] <<< [apiv2][body] POST https://firebaserules.googleapis.com/v1/projects/eleveneleven-16435:test {}
[info] +  cloud.firestore: rules file firestore.rules compiled successfully 
[debug] [2026-08-10T08:00:27.416Z] Checked if tokens are valid: true, expires at: 1786352308883
[debug] [2026-08-10T08:00:27.416Z] Checked if tokens are valid: true, expires at: 1786352308883
[debug] [2026-08-10T08:00:27.417Z] >>> [apiv2][query] GET https://firebaserules.googleapis.com/v1/projects/eleveneleven-16435/releases pageSize=10&pageToken=
[debug] [2026-08-10T08:00:27.657Z] <<< [apiv2][status] GET https://firebaserules.googleapis.com/v1/projects/eleveneleven-16435/releases 200
[debug] [2026-08-10T08:00:27.657Z] <<< [apiv2][body] GET https://firebaserules.googleapis.com/v1/projects/eleveneleven-16435/releases {"releases":[{"name":"projects/eleveneleven-16435/releases/cloud.firestore","rulesetName":"projects/eleveneleven-16435/rulesets/bcb6927e-5d11-40b6-a783-2497630791f9","createTime":"2026-08-08T17:42:21.886838Z","updateTime":"2026-08-08T17:42:21.886838Z"}]}
[debug] [2026-08-10T08:00:27.659Z] Checked if tokens are valid: true, expires at: 1786352308883
[debug] [2026-08-10T08:00:27.659Z] Checked if tokens are valid: true, expires at: 1786352308883
[debug] [2026-08-10T08:00:27.659Z] >>> [apiv2][query] GET https://firebaserules.googleapis.com/v1/projects/eleveneleven-16435/rulesets/bcb6927e-5d11-40b6-a783-2497630791f9 [none]
[debug] [2026-08-10T08:00:28.412Z] <<< [apiv2][status] GET https://firebaserules.googleapis.com/v1/projects/eleveneleven-16435/rulesets/bcb6927e-5d11-40b6-a783-2497630791f9 200
[debug] [2026-08-10T08:00:28.413Z] <<< [apiv2][body] GET https://firebaserules.googleapis.com/v1/projects/eleveneleven-16435/rulesets/bcb6927e-5d11-40b6-a783-2497630791f9 [omitted]
[info] i  firestore: latest version of firestore.rules already up to date, skipping upload... 
[debug] [2026-08-10T08:00:28.419Z] [rules] releasing cloud.firestore with ruleset projects/eleveneleven-16435/rulesets/bcb6927e-5d11-40b6-a783-2497630791f9
[debug] [2026-08-10T08:00:28.420Z] Checked if tokens are valid: true, expires at: 1786352308883
[debug] [2026-08-10T08:00:28.420Z] Checked if tokens are valid: true, expires at: 1786352308883
[debug] [2026-08-10T08:00:28.420Z] >>> [apiv2][query] PATCH https://firebaserules.googleapis.com/v1/projects/eleveneleven-16435/releases/cloud.firestore [none]
[debug] [2026-08-10T08:00:28.421Z] >>> [apiv2][body] PATCH https://firebaserules.googleapis.com/v1/projects/eleveneleven-16435/releases/cloud.firestore {"release":{"name":"projects/eleveneleven-16435/releases/cloud.firestore","rulesetName":"projects/eleveneleven-16435/rulesets/bcb6927e-5d11-40b6-a783-2497630791f9"}}
[debug] [2026-08-10T08:00:28.951Z] <<< [apiv2][status] PATCH https://firebaserules.googleapis.com/v1/projects/eleveneleven-16435/releases/cloud.firestore 200
[debug] [2026-08-10T08:00:47.479Z] ----------------------------------------------------------------------
[debug] [2026-08-10T08:00:47.494Z] Command:       C:\Program Files\nodejs\node.exe C:\Users\yasmo\AppData\Roaming\npm\node_modules\firebase-tools\lib\bin\firebase.js deploy --only firestore:rules --project eleveneleven-16435 --debug
[debug] [2026-08-10T08:00:47.495Z] CLI Version:   15.26.0
[debug] [2026-08-10T08:00:47.495Z] Platform:      win32
[debug] [2026-08-10T08:00:47.496Z] Node Version:  v24.16.0
[debug] [2026-08-10T08:00:47.496Z] Detected Agent: codex_cli
[debug] [2026-08-10T08:00:47.496Z] Time:          Mon Aug 10 2026 11:00:47 GMT+0300 (GMT+03:00)
[debug] [2026-08-10T08:00:47.496Z] ----------------------------------------------------------------------
[debug] 
[debug] [2026-08-10T08:00:53.096Z] > command requires scopes: ["email","openid","https://www.googleapis.com/auth/cloudplatformprojects.readonly","https://www.googleapis.com/auth/firebase","https://www.googleapis.com/auth/cloud-platform"]
[debug] [2026-08-10T08:00:53.098Z] > authorizing via signed-in user (adreanhr078@gmail.com)
[debug] [2026-08-10T08:00:53.099Z] [iam] checking project eleveneleven-16435 for permissions ["datastore.indexes.create","datastore.indexes.delete","datastore.indexes.list","datastore.indexes.update","firebase.projects.get"]
[debug] [2026-08-10T08:00:53.171Z] Checked if tokens are valid: true, expires at: 1786352308883
[debug] [2026-08-10T08:00:53.172Z] Checked if tokens are valid: true, expires at: 1786352308883
[debug] [2026-08-10T08:00:53.184Z] >>> [apiv2][query] POST https://cloudresourcemanager.googleapis.com/v1/projects/eleveneleven-16435:testIamPermissions [none]
[debug] [2026-08-10T08:00:53.185Z] >>> [apiv2][(partial)header] POST https://cloudresourcemanager.googleapis.com/v1/projects/eleveneleven-16435:testIamPermissions  x-goog-user-project=eleveneleven-16435
[debug] [2026-08-10T08:00:53.186Z] >>> [apiv2][body] POST https://cloudresourcemanager.googleapis.com/v1/projects/eleveneleven-16435:testIamPermissions {"permissions":["datastore.indexes.create","datastore.indexes.delete","datastore.indexes.list","datastore.indexes.update","firebase.projects.get"]}
[debug] [2026-08-10T08:00:53.669Z] <<< [apiv2][status] POST https://cloudresourcemanager.googleapis.com/v1/projects/eleveneleven-16435:testIamPermissions 200
[debug] [2026-08-10T08:00:53.670Z] <<< [apiv2][body] POST https://cloudresourcemanager.googleapis.com/v1/projects/eleveneleven-16435:testIamPermissions {"permissions":["datastore.indexes.create","datastore.indexes.delete","datastore.indexes.list","datastore.indexes.update","firebase.projects.get"]}
[info] 
[info] === Deploying to 'eleveneleven-16435'...
[info] 
[info] i  deploying firestore 
[info] i  firestore: ensuring required API firestore.googleapis.com is enabled... 
[info] i  firestore: ensuring required API firestore.googleapis.com is enabled... 
[debug] [2026-08-10T08:00:53.708Z] Checked if tokens are valid: true, expires at: 1786352308883
[debug] [2026-08-10T08:00:53.708Z] Checked if tokens are valid: true, expires at: 1786352308883
[debug] [2026-08-10T08:00:53.714Z] >>> [apiv2][query] GET https://firestore.googleapis.com/v1/projects/eleveneleven-16435/databases/(default) [none]
[debug] [2026-08-10T08:00:54.750Z] <<< [apiv2][status] GET https://firestore.googleapis.com/v1/projects/eleveneleven-16435/databases/(default) 200
[debug] [2026-08-10T08:00:54.751Z] <<< [apiv2][body] GET https://firestore.googleapis.com/v1/projects/eleveneleven-16435/databases/(default) {"name":"projects/eleveneleven-16435/databases/(default)","uid":"bf418626-fa99-483c-854c-012ec08288b3","createTime":"2026-08-08T17:42:18.342909Z","updateTime":"2026-08-08T17:42:18.342909Z","locationId":"nam5","type":"FIRESTORE_NATIVE","concurrencyMode":"PESSIMISTIC","versionRetentionPeriod":"3600s","earliestVersionTime":"2026-08-10T07:00:55.387767Z","appEngineIntegrationMode":"DISABLED","keyPrefix":"s","pointInTimeRecoveryEnablement":"POINT_IN_TIME_RECOVERY_DISABLED","deleteProtectionState":"DELETE_PROTECTION_DISABLED","databaseEdition":"STANDARD","freeTier":true,"realtimeUpdatesMode":"REALTIME_UPDATES_MODE_ENABLED","etag":"ILGm4YfMlZYDMPfB/eWSk5YD"}
[info] i  cloud.firestore: checking firestore.rules for compilation errors... 
[debug] [2026-08-10T08:00:54.756Z] Checked if tokens are valid: true, expires at: 1786352308883
[debug] [2026-08-10T08:00:54.756Z] Checked if tokens are valid: true, expires at: 1786352308883
[debug] [2026-08-10T08:00:54.757Z] >>> [apiv2][query] POST https://firebaserules.googleapis.com/v1/projects/eleveneleven-16435:test [none]
[debug] [2026-08-10T08:00:54.758Z] >>> [apiv2][body] POST https://firebaserules.googleapis.com/v1/projects/eleveneleven-16435:test [omitted]
[debug] [2026-08-10T08:00:55.137Z] <<< [apiv2][status] POST https://firebaserules.googleapis.com/v1/projects/eleveneleven-16435:test 200
[debug] [2026-08-10T08:00:55.138Z] <<< [apiv2][body] POST https://firebaserules.googleapis.com/v1/projects/eleveneleven-16435:test {}
[info] +  cloud.firestore: rules file firestore.rules compiled successfully 
[debug] [2026-08-10T08:00:55.148Z] Checked if tokens are valid: true, expires at: 1786352308883
[debug] [2026-08-10T08:00:55.148Z] Checked if tokens are valid: true, expires at: 1786352308883
[debug] [2026-08-10T08:00:55.150Z] >>> [apiv2][query] GET https://firebaserules.googleapis.com/v1/projects/eleveneleven-16435/releases pageSize=10&pageToken=
[debug] [2026-08-10T08:00:55.920Z] <<< [apiv2][status] GET https://firebaserules.googleapis.com/v1/projects/eleveneleven-16435/releases 200
[debug] [2026-08-10T08:00:55.922Z] <<< [apiv2][body] GET https://firebaserules.googleapis.com/v1/projects/eleveneleven-16435/releases {"releases":[{"name":"projects/eleveneleven-16435/releases/cloud.firestore","rulesetName":"projects/eleveneleven-16435/rulesets/bcb6927e-5d11-40b6-a783-2497630791f9","createTime":"2026-08-08T17:42:21.886838Z","updateTime":"2026-08-10T08:00:29.664766Z"}]}
[debug] [2026-08-10T08:00:55.929Z] Checked if tokens are valid: true, expires at: 1786352308883
[debug] [2026-08-10T08:00:55.930Z] Checked if tokens are valid: true, expires at: 1786352308883
[debug] [2026-08-10T08:00:55.931Z] >>> [apiv2][query] GET https://firebaserules.googleapis.com/v1/projects/eleveneleven-16435/rulesets/bcb6927e-5d11-40b6-a783-2497630791f9 [none]
[debug] [2026-08-10T08:00:56.250Z] <<< [apiv2][status] GET https://firebaserules.googleapis.com/v1/projects/eleveneleven-16435/rulesets/bcb6927e-5d11-40b6-a783-2497630791f9 200
[debug] [2026-08-10T08:00:56.250Z] <<< [apiv2][body] GET https://firebaserules.googleapis.com/v1/projects/eleveneleven-16435/rulesets/bcb6927e-5d11-40b6-a783-2497630791f9 [omitted]
[info] i  firestore: latest version of firestore.rules already up to date, skipping upload... 
[debug] [2026-08-10T08:00:56.255Z] [rules] releasing cloud.firestore with ruleset projects/eleveneleven-16435/rulesets/bcb6927e-5d11-40b6-a783-2497630791f9
[debug] [2026-08-10T08:00:56.257Z] Checked if tokens are valid: true, expires at: 1786352308883
[debug] [2026-08-10T08:00:56.258Z] Checked if tokens are valid: true, expires at: 1786352308883
[debug] [2026-08-10T08:00:56.261Z] >>> [apiv2][query] PATCH https://firebaserules.googleapis.com/v1/projects/eleveneleven-16435/releases/cloud.firestore [none]
[debug] [2026-08-10T08:00:56.263Z] >>> [apiv2][body] PATCH https://firebaserules.googleapis.com/v1/projects/eleveneleven-16435/releases/cloud.firestore {"release":{"name":"projects/eleveneleven-16435/releases/cloud.firestore","rulesetName":"projects/eleveneleven-16435/rulesets/bcb6927e-5d11-40b6-a783-2497630791f9"}}
[debug] [2026-08-10T08:00:56.757Z] <<< [apiv2][status] PATCH https://firebaserules.googleapis.com/v1/projects/eleveneleven-16435/releases/cloud.firestore 200
[debug] [2026-08-10T08:27:40.570Z] ----------------------------------------------------------------------
[debug] [2026-08-10T08:27:40.591Z] Command:       C:\Program Files\nodejs\node.exe C:\Users\yasmo\AppData\Roaming\npm\node_modules\firebase-tools\lib\bin\firebase.js deploy --only firestore:rules --project eleveneleven-16435
[debug] [2026-08-10T08:27:40.599Z] CLI Version:   15.26.0
[debug] [2026-08-10T08:27:40.602Z] Platform:      win32
[debug] [2026-08-10T08:27:40.608Z] Node Version:  v24.16.0
[debug] [2026-08-10T08:27:40.613Z] Detected Agent: codex_cli
[debug] [2026-08-10T08:27:40.615Z] Time:          Mon Aug 10 2026 11:27:40 GMT+0300 (GMT+03:00)
[debug] [2026-08-10T08:27:40.618Z] ----------------------------------------------------------------------
[debug] 
[debug] [2026-08-10T08:27:49.633Z] > command requires scopes: ["email","openid","https://www.googleapis.com/auth/cloudplatformprojects.readonly","https://www.googleapis.com/auth/firebase","https://www.googleapis.com/auth/cloud-platform"]
[debug] [2026-08-10T08:27:49.634Z] > authorizing via signed-in user (adreanhr078@gmail.com)
[debug] [2026-08-10T08:27:49.635Z] [iam] checking project eleveneleven-16435 for permissions ["datastore.indexes.create","datastore.indexes.delete","datastore.indexes.list","datastore.indexes.update","firebase.projects.get"]
[debug] [2026-08-10T08:27:49.702Z] Checked if tokens are valid: true, expires at: 1786352308883
[debug] [2026-08-10T08:27:49.703Z] Checked if tokens are valid: true, expires at: 1786352308883
[debug] [2026-08-10T08:27:49.713Z] >>> [apiv2][query] POST https://cloudresourcemanager.googleapis.com/v1/projects/eleveneleven-16435:testIamPermissions [none]
[debug] [2026-08-10T08:27:49.713Z] >>> [apiv2][(partial)header] POST https://cloudresourcemanager.googleapis.com/v1/projects/eleveneleven-16435:testIamPermissions  x-goog-user-project=eleveneleven-16435
[debug] [2026-08-10T08:27:49.714Z] >>> [apiv2][body] POST https://cloudresourcemanager.googleapis.com/v1/projects/eleveneleven-16435:testIamPermissions {"permissions":["datastore.indexes.create","datastore.indexes.delete","datastore.indexes.list","datastore.indexes.update","firebase.projects.get"]}
[debug] [2026-08-10T08:27:50.225Z] <<< [apiv2][status] POST https://cloudresourcemanager.googleapis.com/v1/projects/eleveneleven-16435:testIamPermissions 200
[debug] [2026-08-10T08:27:50.226Z] <<< [apiv2][body] POST https://cloudresourcemanager.googleapis.com/v1/projects/eleveneleven-16435:testIamPermissions {"permissions":["datastore.indexes.create","datastore.indexes.delete","datastore.indexes.list","datastore.indexes.update","firebase.projects.get"]}
[info] 
[info] === Deploying to 'eleveneleven-16435'...
[info] 
[info] i  deploying firestore 
[info] i  firestore: ensuring required API firestore.googleapis.com is enabled... 
[info] i  firestore: ensuring required API firestore.googleapis.com is enabled... 
[debug] [2026-08-10T08:27:50.267Z] Checked if tokens are valid: true, expires at: 1786352308883
[debug] [2026-08-10T08:27:50.268Z] Checked if tokens are valid: true, expires at: 1786352308883
[debug] [2026-08-10T08:27:50.270Z] >>> [apiv2][query] GET https://firestore.googleapis.com/v1/projects/eleveneleven-16435/databases/(default) [none]
[debug] [2026-08-10T08:27:51.237Z] <<< [apiv2][status] GET https://firestore.googleapis.com/v1/projects/eleveneleven-16435/databases/(default) 200
[debug] [2026-08-10T08:27:51.238Z] <<< [apiv2][body] GET https://firestore.googleapis.com/v1/projects/eleveneleven-16435/databases/(default) {"name":"projects/eleveneleven-16435/databases/(default)","uid":"bf418626-fa99-483c-854c-012ec08288b3","createTime":"2026-08-08T17:42:18.342909Z","updateTime":"2026-08-08T17:42:18.342909Z","locationId":"nam5","type":"FIRESTORE_NATIVE","concurrencyMode":"PESSIMISTIC","versionRetentionPeriod":"3600s","earliestVersionTime":"2026-08-10T07:27:51.940693Z","appEngineIntegrationMode":"DISABLED","keyPrefix":"s","pointInTimeRecoveryEnablement":"POINT_IN_TIME_RECOVERY_DISABLED","deleteProtectionState":"DELETE_PROTECTION_DISABLED","databaseEdition":"STANDARD","freeTier":true,"realtimeUpdatesMode":"REALTIME_UPDATES_MODE_ENABLED","etag":"IJaQzIrSlZYDMPfB/eWSk5YD"}
[info] i  cloud.firestore: checking firestore.rules for compilation errors... 
[debug] [2026-08-10T08:27:51.245Z] Checked if tokens are valid: true, expires at: 1786352308883
[debug] [2026-08-10T08:27:51.246Z] Checked if tokens are valid: true, expires at: 1786352308883
[debug] [2026-08-10T08:27:51.246Z] >>> [apiv2][query] POST https://firebaserules.googleapis.com/v1/projects/eleveneleven-16435:test [none]
[debug] [2026-08-10T08:27:51.247Z] >>> [apiv2][body] POST https://firebaserules.googleapis.com/v1/projects/eleveneleven-16435:test [omitted]
[debug] [2026-08-10T08:27:51.953Z] <<< [apiv2][status] POST https://firebaserules.googleapis.com/v1/projects/eleveneleven-16435:test 200
[debug] [2026-08-10T08:27:51.954Z] <<< [apiv2][body] POST https://firebaserules.googleapis.com/v1/projects/eleveneleven-16435:test {}
[info] +  cloud.firestore: rules file firestore.rules compiled successfully 
[debug] [2026-08-10T08:27:51.964Z] Checked if tokens are valid: true, expires at: 1786352308883
[debug] [2026-08-10T08:27:51.964Z] Checked if tokens are valid: true, expires at: 1786352308883
[debug] [2026-08-10T08:27:51.966Z] >>> [apiv2][query] GET https://firebaserules.googleapis.com/v1/projects/eleveneleven-16435/releases pageSize=10&pageToken=
[debug] [2026-08-10T08:27:52.183Z] <<< [apiv2][status] GET https://firebaserules.googleapis.com/v1/projects/eleveneleven-16435/releases 200
[debug] [2026-08-10T08:27:52.183Z] <<< [apiv2][body] GET https://firebaserules.googleapis.com/v1/projects/eleveneleven-16435/releases {"releases":[{"name":"projects/eleveneleven-16435/releases/cloud.firestore","rulesetName":"projects/eleveneleven-16435/rulesets/bcb6927e-5d11-40b6-a783-2497630791f9","createTime":"2026-08-08T17:42:21.886838Z","updateTime":"2026-08-10T08:00:57.469904Z"}]}
[debug] [2026-08-10T08:27:52.185Z] Checked if tokens are valid: true, expires at: 1786352308883
[debug] [2026-08-10T08:27:52.186Z] Checked if tokens are valid: true, expires at: 1786352308883
[debug] [2026-08-10T08:27:52.186Z] >>> [apiv2][query] GET https://firebaserules.googleapis.com/v1/projects/eleveneleven-16435/rulesets/bcb6927e-5d11-40b6-a783-2497630791f9 [none]
[debug] [2026-08-10T08:27:52.965Z] <<< [apiv2][status] GET https://firebaserules.googleapis.com/v1/projects/eleveneleven-16435/rulesets/bcb6927e-5d11-40b6-a783-2497630791f9 200
[debug] [2026-08-10T08:27:52.965Z] <<< [apiv2][body] GET https://firebaserules.googleapis.com/v1/projects/eleveneleven-16435/rulesets/bcb6927e-5d11-40b6-a783-2497630791f9 [omitted]
[info] i  firestore: latest version of firestore.rules already up to date, skipping upload... 
[debug] [2026-08-10T08:27:52.978Z] [rules] releasing cloud.firestore with ruleset projects/eleveneleven-16435/rulesets/bcb6927e-5d11-40b6-a783-2497630791f9
[debug] [2026-08-10T08:27:52.980Z] Checked if tokens are valid: true, expires at: 1786352308883
[debug] [2026-08-10T08:27:52.981Z] Checked if tokens are valid: true, expires at: 1786352308883
[debug] [2026-08-10T08:27:52.981Z] >>> [apiv2][query] PATCH https://firebaserules.googleapis.com/v1/projects/eleveneleven-16435/releases/cloud.firestore [none]
[debug] [2026-08-10T08:27:52.982Z] >>> [apiv2][body] PATCH https://firebaserules.googleapis.com/v1/projects/eleveneleven-16435/releases/cloud.firestore {"release":{"name":"projects/eleveneleven-16435/releases/cloud.firestore","rulesetName":"projects/eleveneleven-16435/rulesets/bcb6927e-5d11-40b6-a783-2497630791f9"}}
[debug] [2026-08-10T08:27:53.430Z] <<< [apiv2][status] PATCH https://firebaserules.googleapis.com/v1/projects/eleveneleven-16435/releases/cloud.firestore 200
